// Jest Snapshot v1, https://goo.gl/fbAQLP

exports[`matches snapshot 1`] = `
<div>
  <div
    class="sc-fznyAO dsQQgg"
  >
    <div
      class="sc-fznKkj jealvX"
    >
      <test-file-stub
        classname="sc-fznZeY dZxTuI"
      />
    </div>
    <div
      class="sc-fzpans eiNDFa"
    >
      <a
        class="sc-AxirZ evhyaq sc-fzplWN kZsgic"
        displaystyle="8"
        href="#/news"
        size="2"
      >
        <test-file-stub
          classname="sc-AxgMl yaFjd"
        />
        <p
          class="sc-AxjAm jcsRXt sc-AxheI bhLjYx"
        >
          News
        </p>
      </a>
    </div>
    <div
      class="sc-Axmtr lgKbxl"
    >
      <p
        class="sc-AxjAm pMKRu"
      >
        Your Pure
      </p>
      <div
        class="sc-AxmLO MKJBh"
      >
        <div
          class="sc-fzozJi iYZFTC"
        >
          <test-file-stub
            classname="sc-fzoLsD ekZwXI"
          />
        </div>
        <div
          class="sc-fzozJi iYZFTC"
        >
          <test-file-stub
            classname="sc-fzoLsD ekZwXI"
          />
        </div>
        <div
          class="sc-fzozJi iYZFTC"
        >
          <test-file-stub
            classname="sc-fzoLsD ekZwXI"
          />
        </div>
        <div
          class="sc-fzozJi iYZFTC"
        >
          <test-file-stub
            classname="sc-fzoLsD ekZwXI"
          />
        </div>
      </div>
    </div>
    <div
      class="sc-fzpans eiNDFa"
    >
      <a
        class="sc-AxirZ evhyaq sc-fzplWN kZsgic"
        displaystyle="8"
        href="#/overview"
        size="2"
      >
        <test-file-stub
          classname="sc-AxgMl yaFjd"
        />
        <p
          class="sc-AxjAm jcsRXt sc-AxheI bhLjYx"
        >
          Overview
        </p>
      </a>
    </div>
    <div
      class="sc-fzpans eiNDFa"
    >
      <a
        class="sc-AxirZ evhyaq sc-fzplWN kZsgic"
        displaystyle="8"
        href="#/messages"
        size="2"
      >
        <test-file-stub
          classname="sc-AxgMl yaFjd"
        />
        <p
          class="sc-AxjAm jcsRXt sc-AxheI bhLjYx"
        >
          Messages
        </p>
      </a>
    </div>
    <div
      class="sc-fzpans eiNDFa"
    >
      <a
        class="sc-AxirZ evhyaq sc-fzplWN kZsgic"
        displaystyle="8"
        href="#/phone"
        size="2"
      >
        <test-file-stub
          classname="sc-AxgMl yaFjd"
        />
        <p
          class="sc-AxjAm jcsRXt sc-AxheI bhLjYx"
        >
          Phone
        </p>
      </a>
    </div>
    <div
      class="sc-fzpans eiNDFa"
    >
      <a
        class="sc-AxirZ evhyaq sc-fzplWN kZsgic"
        displaystyle="8"
        href="#/music"
        size="2"
      >
        <test-file-stub
          classname="sc-AxgMl yaFjd"
        />
        <p
          class="sc-AxjAm jcsRXt sc-AxheI bhLjYx"
        >
          Music
        </p>
      </a>
    </div>
    <div
      class="sc-fzpans eiNDFa"
    >
      <a
        class="sc-AxirZ evhyaq sc-fzplWN kZsgic"
        displaystyle="8"
        href="#/calendar"
        size="2"
      >
        <test-file-stub
          classname="sc-AxgMl yaFjd"
        />
        <p
          class="sc-AxjAm jcsRXt sc-AxheI bhLjYx"
        >
          Calendar
        </p>
      </a>
    </div>
    <div
      class="sc-fzpans eiNDFa"
    >
      <a
        class="sc-AxirZ evhyaq sc-fzplWN kZsgic"
        displaystyle="8"
        href="#/tools"
        size="2"
      >
        <test-file-stub
          classname="sc-AxgMl yaFjd"
        />
        <p
          class="sc-AxjAm jcsRXt sc-AxheI bhLjYx"
        >
          Tools
        </p>
      </a>
    </div>
    <div
      class="sc-fzpans eiNDFa"
    >
      <a
        class="sc-AxirZ evhyaq sc-fzplWN kZsgic"
        displaystyle="8"
        href="#/meditation"
        size="2"
      >
        <test-file-stub
          classname="sc-AxgMl yaFjd"
        />
        <p
          class="sc-AxjAm jcsRXt sc-AxheI bhLjYx"
        >
          Meditation
        </p>
      </a>
    </div>
    <div
      class="sc-fzpans eiNDFa"
    >
      <a
        class="sc-AxirZ evhyaq sc-fzplWN kZsgic"
        displaystyle="8"
        href="#/files-manager"
        size="2"
      >
        <test-file-stub
          classname="sc-AxgMl yaFjd"
        />
        <p
          class="sc-AxjAm jcsRXt sc-AxheI bhLjYx"
        >
          Files manager
        </p>
      </a>
    </div>
    <div
      class="sc-Axmtr lgKbxl"
    >
      <p
        class="sc-AxjAm pMKRu"
      >
        Desktop App
      </p>
    </div>
    <div
      class="sc-fzpans eiNDFa"
    >
      <a
        class="sc-AxirZ evhyaq sc-fzplWN kZsgic"
        displaystyle="8"
        href="#/tethering"
        size="2"
      >
        <test-file-stub
          classname="sc-AxgMl yaFjd"
        />
        <p
          class="sc-AxjAm jcsRXt sc-AxheI bhLjYx"
        >
          Tethering
        </p>
      </a>
    </div>
    <div
      class="sc-fzpans eiNDFa"
    >
      <a
        class="sc-AxirZ evhyaq sc-fzplWN kZsgic"
        displaystyle="8"
        href="#/settings"
        size="2"
      >
        <test-file-stub
          classname="sc-AxgMl yaFjd"
        />
        <p
          class="sc-AxjAm jcsRXt sc-AxheI bhLjYx"
        >
          Settings
        </p>
      </a>
    </div>
    <div
      class="sc-fzpans eiNDFa"
    >
      <a
        class="sc-AxirZ evhyaq sc-fzplWN kZsgic"
        displaystyle="8"
        href="#/help"
        size="2"
      >
        <test-file-stub
          classname="sc-AxgMl yaFjd"
        />
        <p
          class="sc-AxjAm jcsRXt sc-AxheI bhLjYx"
        >
          Help
        </p>
      </a>
    </div>
  </div>
</div>
`;
