// Jest Snapshot v1, https://goo.gl/fbAQLP

exports[`matches snapshot 1`] = `
.c8 {
  margin: 0;
  font-size: 1.6rem;
  line-height: 1.05;
  color: #6a6a6a;
}

.c11 {
  margin: 0;
  font-size: 1.2rem;
  line-height: 1.2;
  text-transform: uppercase;
  -webkit-letter-spacing: 0.1rem;
  -moz-letter-spacing: 0.1rem;
  -ms-letter-spacing: 0.1rem;
  letter-spacing: 0.1rem;
}

.c2 {
  display: -webkit-box;
  display: -webkit-flex;
  display: -ms-flexbox;
  display: flex;
  -webkit-box-pack: center;
  -webkit-justify-content: center;
  -ms-flex-pack: center;
  justify-content: center;
  -webkit-align-items: center;
  -webkit-box-align: center;
  -ms-flex-align: center;
  align-items: center;
  height: 2rem;
  width: 2rem;
  position: relative;
  font-style: normal;
}

.c2 svg {
  width: 100%;
  height: 100%;
}

.c6 {
  display: -webkit-box;
  display: -webkit-flex;
  display: -ms-flexbox;
  display: flex;
  -webkit-box-pack: center;
  -webkit-justify-content: center;
  -ms-flex-pack: center;
  justify-content: center;
  -webkit-align-items: center;
  -webkit-box-align: center;
  -ms-flex-align: center;
  align-items: center;
  height: 3.2rem;
  width: 3.2rem;
  position: relative;
  font-style: normal;
}

.c6 svg {
  width: 100%;
  height: 100%;
}

.c14 {
  display: -webkit-box;
  display: -webkit-flex;
  display: -ms-flexbox;
  display: flex;
  -webkit-box-pack: center;
  -webkit-justify-content: center;
  -ms-flex-pack: center;
  justify-content: center;
  -webkit-align-items: center;
  -webkit-box-align: center;
  -ms-flex-align: center;
  align-items: center;
  height: 2.4rem;
  width: 2.4rem;
  position: relative;
  font-style: normal;
}

.c14 svg {
  width: 100%;
  height: 100%;
}

.c5 {
  display: -webkit-box;
  display: -webkit-flex;
  display: -ms-flexbox;
  display: flex;
  -webkit-align-items: center;
  -webkit-box-align: center;
  -ms-flex-align: center;
  align-items: center;
  -webkit-box-pack: center;
  -webkit-justify-content: center;
  -ms-flex-pack: center;
  justify-content: center;
  -webkit-appearance: none;
  -moz-appearance: none;
  appearance: none;
  background: none;
  -webkit-transition: background 250ms ease-in-out, color 250ms ease-in-out, border 250ms ease-in-out;
  transition: background 250ms ease-in-out, color 250ms ease-in-out, border 250ms ease-in-out;
  cursor: pointer;
  outline: none;
  box-sizing: border-box;
  width: 17rem;
  -webkit-box-pack: start;
  -webkit-justify-content: flex-start;
  -ms-flex-pack: start;
  justify-content: flex-start;
  height: 4rem;
  padding: 0.8rem;
  border: none;
  border-radius: 0.2rem;
  color: #6a6a6a;
  font-weight: 400;
  width: 100%;
}

.c5.active {
  background-color: #f4f5f6;
}

.c5.active * {
  color: #000000;
}

.c5.active svg {
  opacity: 1;
  -webkit-transition: opacity 500ms ease;
  transition: opacity 500ms ease;
}

.c5:hover {
  background-color: #f4f5f6;
}

.c5:hover * {
  color: #000000;
}

.c5:hover svg {
  opacity: 1;
  -webkit-transition: opacity 500ms ease;
  transition: opacity 500ms ease;
}

.c5 svg {
  opacity: 0.75;
}

.c16 {
  display: -webkit-box;
  display: -webkit-flex;
  display: -ms-flexbox;
  display: flex;
  -webkit-align-items: center;
  -webkit-box-align: center;
  -ms-flex-align: center;
  align-items: center;
  -webkit-box-pack: center;
  -webkit-justify-content: center;
  -ms-flex-pack: center;
  justify-content: center;
  -webkit-appearance: none;
  -moz-appearance: none;
  appearance: none;
  background: none;
  -webkit-transition: background 250ms ease-in-out, color 250ms ease-in-out, border 250ms ease-in-out;
  transition: background 250ms ease-in-out, color 250ms ease-in-out, border 250ms ease-in-out;
  cursor: pointer;
  outline: none;
  box-sizing: border-box;
  width: 17rem;
  -webkit-box-pack: start;
  -webkit-justify-content: flex-start;
  -ms-flex-pack: start;
  justify-content: flex-start;
  height: 4rem;
  padding: 0.8rem;
  border: none;
  border-radius: 0.2rem;
  color: #6a6a6a;
  font-weight: 400;
  width: 100%;
}

.c16.active {
  background-color: #f4f5f6;
}

.c16.active * {
  color: #000000;
}

.c16.active svg {
  opacity: 1;
  -webkit-transition: opacity 500ms ease;
  transition: opacity 500ms ease;
}

.c16:hover {
  background-color: #f4f5f6;
}

.c16:hover * {
  color: #000000;
}

.c16:hover svg {
  opacity: 1;
  -webkit-transition: opacity 500ms ease;
  transition: opacity 500ms ease;
}

.c16 svg {
  opacity: 0.75;
}

.c7 {
  margin: 0 0.8rem 0 0;
}

.c9 {
  white-space: nowrap;
}

.c10 {
  display: -webkit-box;
  display: -webkit-flex;
  display: -ms-flexbox;
  display: flex;
  -webkit-align-items: center;
  -webkit-box-align: center;
  -ms-flex-align: center;
  align-items: center;
  -webkit-box-pack: justify;
  -webkit-justify-content: space-between;
  -ms-flex-pack: justify;
  justify-content: space-between;
  margin: 2.4rem 0 1.6rem 0;
}

.c12 {
  display: -webkit-box;
  display: -webkit-flex;
  display: -ms-flexbox;
  display: flex;
}

.c13 {
  display: -webkit-box;
  display: -webkit-flex;
  display: -ms-flexbox;
  display: flex;
  -webkit-align-items: center;
  -webkit-box-align: center;
  -ms-flex-align: center;
  align-items: center;
  -webkit-box-pack: center;
  -webkit-justify-content: center;
  -ms-flex-pack: center;
  justify-content: center;
  padding: 0.4rem;
}

.c13:hover {
  background-color: #f4f5f6;
}

.c15:not(:last-of-type) {
  margin-right: 1rem;
}

.c4 {
  margin: 0 1rem 0.4rem 1rem;
}

.c0 {
  -webkit-flex: 1;
  -ms-flex: 1;
  flex: 1;
  display: -webkit-box;
  display: -webkit-flex;
  display: -ms-flexbox;
  display: flex;
  -webkit-flex-direction: column;
  -ms-flex-direction: column;
  flex-direction: column;
  margin: 0 3.2rem;
}

.c1 {
  position: -webkit-sticky;
  position: sticky;
  top: 0;
  z-index: 1;
  background-color: #ffffff;
}

.c3 {
  height: 2rem;
  width: 8.6rem;
  margin: 2rem 0 2.4rem;
}

<div>
  <div
    class="c0"
  >
    <div
      class="c1"
    >
      <i
        class="c2 c3"
        data-testid="icon-MuditaLogoWithText"
      >
        <test-file-stub
          image="test-file-stub"
        />
      </i>
    </div>
    <div
      class="c4"
    >
      <a
        class="c5"
        displaystyle="8"
        href="#/news"
        size="2"
      >
        <i
          class="c6 c7"
          data-testid="icon-MenuNews"
          height="3.2"
          width="3.2"
        >
          <test-file-stub
            image="test-file-stub"
          />
        </i>
        <p
          class="c8 c9"
        >
          [value] view.name.news
        </p>
      </a>
    </div>
    <div
      class="c10"
      data-testid="menu.header.yourPure"
    >
      <p
        class="c11"
      >
        [value] menu.header.yourPure
      </p>
      <div
        class="c12"
      >
        <div
          class="c13"
        >
          <i
            class="c14"
            data-testid="icon-HighRange"
            height="2.4"
            width="2.4"
          >
            <test-file-stub
              image="test-file-stub"
            />
          </i>
        </div>
        <div
          class="c13"
        >
          <i
            class="c14"
            data-testid="icon-HighBattery"
            height="2.4"
            width="2.4"
          >
            <test-file-stub
              image="test-file-stub"
            />
          </i>
        </div>
        <div
          class="c13"
        >
          <i
            class="c14 c15"
            data-testid="icon-Sim"
            height="2.4"
            width="2.4"
          >
            <test-file-stub
              image="test-file-stub"
            />
          </i>
        </div>
        <div
          class="c13"
        >
          <i
            class="c14 c15"
            data-testid="icon-TetheringStatus"
            height="2.4"
            width="2.4"
          >
            <test-file-stub
              image="test-file-stub"
            />
          </i>
        </div>
      </div>
    </div>
    <div
      class="c4"
    >
      <a
        class="c5"
        displaystyle="8"
        href="#/overview"
        size="2"
      >
        <i
          class="c6 c7"
          data-testid="icon-MenuOverview"
          height="3.2"
          width="3.2"
        >
          <test-file-stub
            image="test-file-stub"
          />
        </i>
        <p
          class="c8 c9"
        >
          [value] view.name.overview
        </p>
      </a>
    </div>
    <div
      class="c4"
    >
      <a
        class="c5"
        data-testid="overview-menu-link"
        displaystyle="8"
        href="#/messages"
        size="2"
      >
        <i
          class="c6 c7"
          data-testid="icon-Message"
          height="3.2"
          width="3.2"
        >
          <test-file-stub
            image="test-file-stub"
          />
        </i>
        <p
          class="c8 c9"
        >
          [value] view.name.messages
        </p>
      </a>
    </div>
    <div
      class="c4"
    >
      <a
        class="c5"
        data-testid="phone-menu-link"
        displaystyle="8"
        href="#/phone"
        size="2"
      >
        <i
          class="c6 c7"
          data-testid="icon-MenuPhone"
          height="3.2"
          width="3.2"
        >
          <test-file-stub
            image="test-file-stub"
          />
        </i>
        <p
          class="c8 c9"
        >
          [value] view.name.phone
        </p>
      </a>
    </div>
    <div
      class="c4"
    >
      <a
        class="c5"
        data-testid="contacts-menu-link"
        displaystyle="8"
        href="#/contacts"
        size="2"
      >
        <i
          class="c6 c7"
          data-testid="icon-MenuContacts"
          height="3.2"
          width="3.2"
        >
          <test-file-stub
            image="test-file-stub"
          />
        </i>
        <p
          class="c8 c9"
        >
          [value] view.name.contacts
        </p>
      </a>
    </div>
    <div
      class="c4"
    >
      <a
        class="c5"
        displaystyle="8"
        href="#/music"
        size="2"
      >
        <i
          class="c6 c7"
          data-testid="icon-MenuMusic"
          height="3.2"
          width="3.2"
        >
          <test-file-stub
            image="test-file-stub"
          />
        </i>
        <p
          class="c8 c9"
        >
          [value] view.name.music
        </p>
      </a>
    </div>
    <div
      class="c4"
    >
      <a
        class="c5"
        displaystyle="8"
        href="#/calendar"
        size="2"
      >
        <i
          class="c6 c7"
          data-testid="icon-Calendar"
          height="3.2"
          width="3.2"
        >
          <test-file-stub
            image="test-file-stub"
          />
        </i>
        <p
          class="c8 c9"
        >
          [value] view.name.calendar
        </p>
      </a>
    </div>
    <div
      class="c4"
    >
      <a
        class="c5"
        displaystyle="8"
        href="#/tools"
        size="2"
      >
        <i
          class="c6 c7"
          data-testid="icon-MenuTools"
          height="3.2"
          width="3.2"
        >
          <test-file-stub
            image="test-file-stub"
          />
        </i>
        <p
          class="c8 c9"
        >
          [value] view.name.tools
        </p>
      </a>
    </div>
    <div
      class="c4"
    >
      <a
        class="c5"
        displaystyle="8"
        href="#/meditation"
        size="2"
      >
        <i
          class="c6 c7"
          data-testid="icon-MenuMeditation"
          height="3.2"
          width="3.2"
        >
          <test-file-stub
            image="test-file-stub"
          />
        </i>
        <p
          class="c8 c9"
        >
          [value] view.name.meditation
        </p>
      </a>
    </div>
    <div
      class="c4"
    >
      <a
        class="c5"
        displaystyle="8"
        href="#/files-manager"
        size="2"
      >
        <i
          class="c6 c7"
          data-testid="icon-MenuFilesManager"
          height="3.2"
          width="3.2"
        >
          <test-file-stub
            image="test-file-stub"
          />
        </i>
        <p
          class="c8 c9"
        >
          [value] view.name.filesManager
        </p>
      </a>
    </div>
    <div
      class="c10"
      data-testid="menu.header.desktopApp"
    >
      <p
        class="c11"
      >
        [value] menu.header.desktopApp
      </p>
    </div>
    <div
      class="c4"
    >
      <a
        class="c5"
        displaystyle="8"
        href="#/tethering"
        size="2"
      >
        <i
          class="c6 c7"
          data-testid="icon-MenuTethering"
          height="3.2"
          width="3.2"
        >
          <test-file-stub
            image="test-file-stub"
          />
        </i>
        <p
          class="c8 c9"
        >
          [value] view.name.tethering
        </p>
      </a>
    </div>
    <div
      class="c4"
    >
      <a
        class="c5"
        displaystyle="8"
        href="#/settings"
        size="2"
      >
        <i
          class="c6 c7"
          data-testid="icon-MenuSettings"
          height="3.2"
          width="3.2"
        >
          <test-file-stub
            image="test-file-stub"
          />
        </i>
        <p
          class="c8 c9"
        >
          [value] view.name.settings
        </p>
      </a>
    </div>
    <div
      class="c4"
    >
      <button
        class="c16"
        data-testid="help-menu-button"
        size="2"
        type="button"
      >
        <i
          class="c6 c7"
          data-testid="icon-MenuHelp"
          height="3.2"
          width="3.2"
        >
          <test-file-stub
            image="test-file-stub"
          />
        </i>
        <p
          class="c8 c9"
        >
          [value] view.name.help
        </p>
      </button>
    </div>
  </div>
</div>
`;
