// Jest Snapshot v1, https://goo.gl/fbAQLP

exports[`matches snapshot 1`] = `
<div
  class="sc-dnqmqq kciipw"
  size="1"
>
  <div
    class="sc-iwsKbI hAZHJM"
  >
    <p
      class="sc-htpNat dYnOkS"
    >
      Heading
    </p>
    <button
      class="sc-bZQynM iYpfeS"
      size="2"
      type="button"
    >
      <test-file-stub
        classname="sc-gzVnrw bmNeJQ"
      />
    </button>
  </div>
  <h1>
    lala
  </h1>
</div>
`;
