// Jest Snapshot v1, https://goo.gl/fbAQLP

exports[`matches snapshot 1`] = `
<div
  class="sc-AxjAm dclKcW"
  data-testid="loader-css"
  size="4"
>
  <div
    class="sc-AxirZ jaiFcm"
    data-testid="dot"
  />
  <div
    class="sc-AxirZ jaiFcm"
    data-testid="dot"
  />
  <div
    class="sc-AxirZ jaiFcm"
    data-testid="dot"
  />
  <div
    class="sc-AxirZ jaiFcm"
    data-testid="dot"
  />
  <div
    class="sc-AxirZ jaiFcm"
    data-testid="dot"
  />
  <div
    class="sc-AxirZ jaiFcm"
    data-testid="dot"
  />
</div>
`;
