// Jest Snapshot v1, https://goo.gl/fbAQLP

exports[`matches snapshot 1`] = `
<div
  class="sc-AykKC czkGkP"
  size="4"
>
  <div
    class="sc-AykKD jgBACZ"
    data-testid="dot"
  />
  <div
    class="sc-AykKD jgBACZ"
    data-testid="dot"
  />
  <div
    class="sc-AykKD jgBACZ"
    data-testid="dot"
  />
  <div
    class="sc-AykKD jgBACZ"
    data-testid="dot"
  />
  <div
    class="sc-AykKD jgBACZ"
    data-testid="dot"
  />
  <div
    class="sc-AykKD jgBACZ"
    data-testid="dot"
  />
</div>
`;
