// Jest Snapshot v1, https://goo.gl/fbAQLP

exports[`matches snapshot 1`] = `
<div>
  <section
    class="sc-fzoLsD eJkQzV"
  >
    <div
      class="sc-fzpans sc-fznKkj cDYALB"
    >
      <div
        class="sc-fznZeY eVRWWb"
      >
        <h2
          class="sc-AxjAm esSvjJ"
        >
          3.1.0
        </h2>
        <span
          class="sc-AxjAm pMKRu"
        >
          OS version
        </span>
      </div>
    </div>
    <section
      class="sc-AxmLO kIxrzP sc-fzplWN bWZbFz"
    >
      <button
        class="sc-AxgMl fvnHkD sc-fzozJi sc-fznyAO egUIcV"
        size="2"
        type="button"
      >
        <div
          class="sc-AxirZ btYaIv sc-AxheI cZhjTr"
          data-testid="icon-undefined"
        >
          <test-file-stub
            image="test-file-stub"
          />
        </div>
        <p
          class="sc-AxjAm pMKRu sc-Axmtr fhTfIi"
        >
          Check for updates
        </p>
      </button>
    </section>
  </section>
</div>
`;
