// Jest Snapshot v1, https://goo.gl/fbAQLP

exports[`matches snapshot 1`] = `
<div>
  <section
    class="sc-fzozJi heyPMz"
  >
    <div
      class="sc-fzoLsD sc-fznyAO inJdhM"
    >
      <div
        class="sc-fznKkj cSWNzP"
      >
        <h2
          class="sc-AxjAm esSvjJ"
        >
          3.1.0
        </h2>
        <span
          class="sc-AxjAm pMKRu"
        >
          OS version
        </span>
      </div>
    </div>
    <section
      class="sc-Axmtr hhzESy sc-fzpans flLJLi"
    >
      <button
        class="sc-AxhUy jiYFbt sc-AxmLO sc-fzplWN dpspgd"
        size="2"
        type="button"
      >
        <test-file-stub
          classname="sc-AxgMl yaFjd"
        />
        <p
          class="sc-AxjAm pMKRu sc-AxheI bhLjYx"
        >
          Check for updates
        </p>
      </button>
    </section>
  </section>
</div>
`;
