// Jest Snapshot v1, https://goo.gl/fbAQLP

exports[`matches snapshot 1`] = `
<div>
  <section
    class="sc-dnqmqq cNtIGj"
  >
    <div
      class="sc-iwsKbI sc-kgoBCf HTlwO"
    >
      <div
        class="sc-kGXeez gSiFpA"
      >
        <h2
          class="sc-bdVaJa iSLnxf"
        >
          0
        </h2>
        <span
          class="sc-bdVaJa ghJYji"
        >
          /
          16
           
          GB
        </span>
      </div>
      <p
        class="sc-bdVaJa bAPoXv"
      >
        Used space
      </p>
      <div
        class="sc-VigVT cQowiX sc-kpOJdX gFJMka"
      >
        <div
          class="sc-jTzLTM brnJtJ"
        >
          <div
            class="sc-fjdhpX hzFurV"
            color="#6d9bbc"
            data-testid="bar"
          />
          <div
            class="sc-fjdhpX dQWmuK"
            color="#f4f5f6"
            data-testid="bar"
          />
        </div>
      </div>
    </div>
    <section
      class="sc-gzVnrw jKdxIN sc-gZMcBi FnzbX"
    >
      <button
        class="sc-ifAKCX fBjzQi sc-htoDjs sc-gqjmRU sc-dxgOiQ kCGqUM"
        size="2"
        type="button"
      >
        <test-file-stub
          classname="sc-EHOje cmLHsF"
        />
        <p
          class="sc-bdVaJa ghJYji sc-bZQynM flUvJk"
        >
          Open files manager
        </p>
      </button>
    </section>
  </section>
</div>
`;
