// Jest Snapshot v1, https://goo.gl/fbAQLP

exports[`matches snapshot 1`] = `
<div>
  <label
    class="sc-bwzfXH fNOhzS"
  >
    <div
      class="sc-htpNat fhZXHj"
    >
      <input
        class="sc-bxivhb ysEZG"
        id="id2"
        name="Example1"
        type="checkbox"
        value="value2"
      />
      <test-file-stub
        classname="sc-ifAKCX gYZWwe"
      />
    </div>
    <span
      class="sc-bdVaJa foWHke sc-EHOje eZpXZa"
    >
      label
    </span>
  </label>
</div>
`;
