// Jest Snapshot v1, https://goo.gl/fbAQLP

exports[`matches snapshot without tabs 1`] = `
.c1 {
  margin: 0;
  font-size: 1.6rem;
  line-height: 1.5;
  font-weight: 700;
  -webkit-letter-spacing: 0.02rem;
  -moz-letter-spacing: 0.02rem;
  -ms-letter-spacing: 0.02rem;
  letter-spacing: 0.02rem;
  color: #000000;
  white-space: pre-wrap;
}

.c0 {
  display: grid;
  height: 100%;
  grid-template-columns: 1fr 1fr 1fr;
  background-color: #ffffff;
  border-bottom: 0.1rem solid #d2d6db;
}

.c2 {
  -webkit-align-self: center;
  -ms-flex-item-align: center;
  align-self: center;
  margin-left: 3.2rem;
}

.c3 {
  display: -webkit-box;
  display: -webkit-flex;
  display: -ms-flexbox;
  display: flex;
}

<div
  class="c0"
>
  <h4
    class="c1 c2"
    color="primary"
    data-testid="location"
    id="app-header"
  >
    [value] module.overview
  </h4>
  <div
    class="c3"
  />
</div>
`;
