// Jest Snapshot v1, https://goo.gl/fbAQLP

exports[`matches snapshot 1`] = `
<div>
  <section
    class="sc-fzqNqU enhkfO"
  >
    <div
      class="sc-fzoiQi bKmodZ"
    >
      <p
        class="sc-AxjAm ijRVAY sc-fzqARJ edorez"
      >
        Select a folder for Pure backup files on this computer
      </p>
    </div>
    <div
      class="sc-fznKkj sc-fznWqX dFQTVS"
    >
      <div
        class="sc-fznyAO sc-fzoyTs juHJqJ"
      >
        <p
          class="sc-AxjAm eGfSTk sc-Axmtr dKSsZf"
        >
          Backup Location
        </p>
        <p
          class="sc-AxjAm ijRVAY sc-fzozJi kEWxNo"
          data-testid="backup-location"
        >
          C:/MuditaOs
        </p>
      </div>
      <div
        class="sc-fzplWN sc-fzoNJl gAaxJe"
      >
        <button
          class="sc-fzpjYC VyHWg"
          size="2"
          type="button"
        >
          <p
            class="sc-AxjAm pMKRu sc-fznJRM lkkbJj"
          >
            Change location
          </p>
        </button>
      </div>
    </div>
  </section>
</div>
`;
