// Jest Snapshot v1, https://goo.gl/fbAQLP

exports[`matches snapshot 1`] = `
<div>
  <section
    class="sc-fzqLLg ellPWX"
  >
    <div
      class="sc-fzokvW fEdynq"
    >
      <p
        class="sc-AxjAm ijRVAY sc-fzqzlV httwHm"
      >
        Select a folder for Pure backup files on this computer
      </p>
    </div>
    <div
      class="sc-fzoJus sc-fznXWL bTnddj"
    >
      <div
        class="sc-fzowVh sc-fzoxnE lhOLiU"
      >
        <p
          class="sc-AxjAm eGfSTk sc-fznAgC cEAcES"
        >
          Backup Location
        </p>
        <p
          class="sc-AxjAm ijRVAY sc-fzoaKM kGZIVi"
          data-testid="backup-location"
        >
          C:/MuditaOs
        </p>
      </div>
      <div
        class="sc-fzqMdD sc-fzoMdx daarVn"
      >
        <button
          class="sc-AxgMl fvnHkD"
          size="2"
          type="button"
        >
          <p
            class="sc-AxjAm pMKRu sc-Axmtr fhTfIi"
          >
            Change location
          </p>
        </button>
      </div>
    </div>
  </section>
</div>
`;
