// Jest Snapshot v1, https://goo.gl/fbAQLP

exports[`matches snapshot 1`] = `
<div>
  <div
    class="sc-ifAKCX WOpjk"
  >
    <div
      class="sc-bxivhb bsUTya"
    >
      <label
        class="sc-htpNat iTScjb sc-EHOje ksPFUu"
      >
        <input
          class="sc-bwzfXH fpzXDF sc-EHOje ksPFUu"
          id="id1"
          name="example"
          type="radio"
          value="lala1"
        />
        <p
          class="sc-bdVaJa fKYnEX"
        />
      </label>
      <span />
    </div>
    <div
      class="sc-bxivhb bsUTya"
    >
      <label
        class="sc-htpNat iTScjb sc-EHOje ksPFUu"
      >
        <input
          class="sc-bwzfXH fpzXDF sc-EHOje ksPFUu"
          id="id2"
          name="example"
          type="radio"
          value="lala2"
        />
        <p
          class="sc-bdVaJa fKYnEX"
        />
      </label>
      <span />
    </div>
    <div
      class="sc-bxivhb bsUTya"
    >
      <label
        class="sc-htpNat iTScjb sc-EHOje ksPFUu"
      >
        <input
          class="sc-bwzfXH fpzXDF sc-EHOje ksPFUu"
          id="id3"
          name="example"
          type="radio"
          value="lala2"
        />
        <p
          class="sc-bdVaJa fKYnEX"
        />
      </label>
      <span />
    </div>
    <div
      class="sc-bxivhb bsUTya"
    >
      <label
        class="sc-htpNat iTScjb sc-EHOje ksPFUu"
      >
        <input
          class="sc-bwzfXH fpzXDF sc-EHOje ksPFUu"
          id="id4"
          name="example"
          type="radio"
          value="lala2"
        />
        <p
          class="sc-bdVaJa fKYnEX"
        />
      </label>
      <span />
    </div>
  </div>
</div>
`;
