// Jest Snapshot v1, https://goo.gl/fbAQLP

exports[`should match snapshot 1`] = `
<div
  class="sc-EHOje hSrDqz"
>
  <div
    class="sc-bwzfXH htgWpD"
    data-testid="files-manager-item"
  >
    <test-file-stub
      classname="sc-bxivhb hSTkeS"
    />
    <div
      class="sc-ifAKCX EtoTg"
    >
      <p
        class="sc-bdVaJa jCnOyj"
      >
        Music
      </p>
      <p
        class="sc-bdVaJa dHRpOS"
      >
        15 files (4.0 GB)
      </p>
    </div>
    <a
      class="sc-htpNat jiaXKm"
      href="#/music"
    >
      <test-file-stub
        image="test-file-stub"
      />
    </a>
  </div>
  <div
    class="sc-bwzfXH gBQHvZ"
    data-testid="files-manager-item"
  >
    <test-file-stub
      classname="sc-bxivhb hSTkeS"
    />
    <div
      class="sc-ifAKCX EtoTg"
    >
      <p
        class="sc-bdVaJa jCnOyj"
      >
        Voice Recorder
      </p>
      <p
        class="sc-bdVaJa dHRpOS"
      >
        3 files (4.0 GB)
      </p>
    </div>
    <a
      class="sc-htpNat jiaXKm"
      href="#/tools/voice-recorder"
    >
      <test-file-stub
        image="test-file-stub"
      />
    </a>
  </div>
  <div
    class="sc-bwzfXH iJhYmU"
    data-testid="files-manager-item"
  >
    <test-file-stub
      classname="sc-bxivhb hSTkeS"
    />
    <div
      class="sc-ifAKCX EtoTg"
    >
      <p
        class="sc-bdVaJa jCnOyj"
      >
        Storage
      </p>
      <p
        class="sc-bdVaJa dHRpOS"
      >
        85 files (4.0 GB)
      </p>
    </div>
  </div>
  <div
    class="sc-bwzfXH iQcxRP"
    data-testid="files-manager-item"
  >
    <test-file-stub
      classname="sc-bxivhb hSTkeS"
    />
    <div
      class="sc-ifAKCX EtoTg"
    >
      <p
        class="sc-bdVaJa jCnOyj"
      >
        Free
      </p>
      <p
        class="sc-bdVaJa dHRpOS"
      >
        4.0 GB
      </p>
    </div>
  </div>
</div>
`;
