// Jest Snapshot v1, https://goo.gl/fbAQLP

exports[`should match snapshot 1`] = `
<div
  class="sc-AykKH bDlIwK"
>
  <div
    class="sc-AykKD jdBCOd"
    data-testid="files-manager-item"
  >
    <test-file-stub
      classname="sc-AykKF jZBrqQ"
    />
    <div
      class="sc-AykKG iWSwBn"
    >
      <p
        class="sc-AykKC lnaoTj"
      >
        Music
      </p>
      <p
        class="sc-AykKC flnmGg"
      >
        15 files (4.0 GB)
      </p>
    </div>
    <a
      class="sc-AykKE hiWxHY"
      href="#/music"
    >
      <test-file-stub
        image="test-file-stub"
      />
    </a>
  </div>
  <div
    class="sc-AykKD hpqxCY"
    data-testid="files-manager-item"
  >
    <test-file-stub
      classname="sc-AykKF jZBrqQ"
    />
    <div
      class="sc-AykKG iWSwBn"
    >
      <p
        class="sc-AykKC lnaoTj"
      >
        Voice Recorder
      </p>
      <p
        class="sc-AykKC flnmGg"
      >
        3 files (4.0 GB)
      </p>
    </div>
    <a
      class="sc-AykKE hiWxHY"
      href="#/tools/voice-recorder"
    >
      <test-file-stub
        image="test-file-stub"
      />
    </a>
  </div>
  <div
    class="sc-AykKD jsGBAU"
    data-testid="files-manager-item"
  >
    <test-file-stub
      classname="sc-AykKF jZBrqQ"
    />
    <div
      class="sc-AykKG iWSwBn"
    >
      <p
        class="sc-AykKC lnaoTj"
      >
        Storage
      </p>
      <p
        class="sc-AykKC flnmGg"
      >
        85 files (4.0 GB)
      </p>
    </div>
  </div>
  <div
    class="sc-AykKD eQVlkR"
    data-testid="files-manager-item"
  >
    <test-file-stub
      classname="sc-AykKF jZBrqQ"
    />
    <div
      class="sc-AykKG iWSwBn"
    >
      <p
        class="sc-AykKC lnaoTj"
      >
        Free
      </p>
      <p
        class="sc-AykKC flnmGg"
      >
        4.0 GB
      </p>
    </div>
  </div>
</div>
`;
