// Jest Snapshot v1, https://goo.gl/fbAQLP

exports[`matches snapshot 1`] = `
<div>
  <section
    class="sc-fznMAR fHdawV"
  >
    <div
      class="sc-fzpmMD eZizNk"
    >
      <p
        class="sc-AxjAm ijRVAY sc-fznxKY EqPfb"
      >
        Select what happens when connecting Pure to this computer:
      </p>
    </div>
    <div
      class="sc-fznKkj sc-fzqARJ iptkhj"
    >
      <div
        class="sc-fzqNqU eTaJlx"
      >
        <p
          class="sc-AxjAm eGfSTk sc-Axmtr sc-fzoyTs hiplei"
        >
          Autostart Desktop App
        </p>
      </div>
      <div
        class="sc-fzplWN bdMOMJ"
      >
        <section
          class="sc-fznWqX laCmAU sc-fzoNJl cLGJvB"
        >
          <button
            class="sc-fzpjYC VyHWg sc-fzoiQi sc-fzoXWK gHbSlK"
            data-testid="autostart-toggler-active"
            size="2"
            type="button"
          >
            <p
              class="sc-AxjAm pMKRu sc-fznJRM lkkbJj"
            >
              Off
            </p>
          </button>
          <button
            class="sc-fzpjYC dvSvag sc-fzoiQi sc-fzoXWK jgdrrg"
            data-testid="autostart-toggler-inactive"
            size="2"
            type="button"
          >
            <p
              class="sc-AxjAm pMKRu sc-fznJRM lkkbJj"
            >
              On
            </p>
          </button>
        </section>
      </div>
    </div>
    <div
      class="sc-fznKkj sc-fzqARJ iptkhj"
    >
      <div
        class="sc-fzqNqU eTaJlx"
      >
        <p
          class="sc-AxjAm eGfSTk sc-Axmtr sc-fzoyTs hiplei"
        >
          Start tethering
        </p>
      </div>
      <div
        class="sc-fzplWN bdMOMJ"
      >
        <section
          class="sc-fznWqX laCmAU sc-fzoNJl cLGJvB"
        >
          <button
            class="sc-fzpjYC VyHWg sc-fzoiQi sc-fzoXWK gHbSlK"
            data-testid="tethering-toggler-active"
            size="2"
            type="button"
          >
            <p
              class="sc-AxjAm pMKRu sc-fznJRM lkkbJj"
            >
              Off
            </p>
          </button>
          <button
            class="sc-fzpjYC dvSvag sc-fzoiQi sc-fzoXWK jgdrrg"
            data-testid="tethering-toggler-inactive"
            size="2"
            type="button"
          >
            <p
              class="sc-AxjAm pMKRu sc-fznJRM lkkbJj"
            >
              On
            </p>
          </button>
        </section>
      </div>
    </div>
  </section>
</div>
`;
