// Jest Snapshot v1, https://goo.gl/fbAQLP

exports[`matches snapshot 1`] = `
<div>
  <section
    class="sc-fznOgF htFOnZ"
  >
    <div
      class="sc-fzplgP khsKkY"
    >
      <p
        class="sc-AxjAm ijRVAY sc-fznzqM jWCIwH"
      >
        Select what happens when connecting Pure to this computer:
      </p>
    </div>
    <div
      class="sc-fzoJus sc-fzoxnE edpdHE"
    >
      <div
        class="sc-fzoMdx dPNgag"
      >
        <p
          class="sc-AxjAm eGfSTk sc-fznAgC sc-fzoWqW dhbCMp"
        >
          Autostart Desktop App
        </p>
      </div>
      <div
        class="sc-fzqMdD hCKUzo"
      >
        <section
          class="sc-fznXWL ewxScJ sc-fzqzlV hueVtT"
        >
          <button
            class="sc-AxgMl fvnHkD sc-fzokvW sc-fzqLLg WWsRb"
            data-testid="toggler-active"
            size="2"
            type="button"
          >
            <p
              class="sc-AxjAm pMKRu sc-Axmtr fhTfIi"
            >
              Off
            </p>
          </button>
          <button
            class="sc-AxgMl kZNYpP sc-fzokvW sc-fzqLLg eMtbBl"
            data-testid="toggler-inactive"
            size="2"
            type="button"
          >
            <p
              class="sc-AxjAm pMKRu sc-Axmtr fhTfIi"
            >
              On
            </p>
          </button>
        </section>
      </div>
    </div>
    <div
      class="sc-fzoJus sc-fzoxnE edpdHE"
    >
      <div
        class="sc-fzoMdx dPNgag"
      >
        <p
          class="sc-AxjAm eGfSTk sc-fznAgC sc-fzoWqW dhbCMp"
        >
          Start tethering
        </p>
      </div>
      <div
        class="sc-fzqMdD hCKUzo"
      >
        <section
          class="sc-fznXWL ewxScJ sc-fzqzlV hueVtT"
        >
          <button
            class="sc-AxgMl fvnHkD sc-fzokvW sc-fzqLLg WWsRb"
            data-testid="toggler-active"
            size="2"
            type="button"
          >
            <p
              class="sc-AxjAm pMKRu sc-Axmtr fhTfIi"
            >
              Off
            </p>
          </button>
          <button
            class="sc-AxgMl kZNYpP sc-fzokvW sc-fzqLLg eMtbBl"
            data-testid="toggler-inactive"
            size="2"
            type="button"
          >
            <p
              class="sc-AxjAm pMKRu sc-Axmtr fhTfIi"
            >
              On
            </p>
          </button>
        </section>
      </div>
    </div>
  </section>
</div>
`;
