// Jest Snapshot v1, https://goo.gl/fbAQLP

exports[`matches snapshot 1`] = `
<div>
  <section
    class="sc-dnqmqq cNtIGj"
  >
    <div
      class="sc-iwsKbI sc-VigVT jYsuWm"
    >
      <h2
        class="sc-bdVaJa iSLnxf"
      >
        Network
      </h2>
    </div>
    <section
      class="sc-gzVnrw jKdxIN sc-gZMcBi FnzbX"
    >
      <button
        class="sc-ifAKCX daQnTe sc-htoDjs sc-gqjmRU kwOocA"
        disabled=""
        size="2"
        type="button"
      >
        <p
          class="sc-bdVaJa ghJYji sc-bZQynM flUvJk"
        >
          No SIM card inserted
        </p>
      </button>
    </section>
  </section>
</div>
`;
