// Jest Snapshot v1, https://goo.gl/fbAQLP

exports[`matches snapshot 1`] = `
<div>
  <section
    class="sc-fzozJi heyPMz"
  >
    <div
      class="sc-fzoLsD sc-fznyAO fevNNM"
    >
      <h2
        class="sc-AxjAm esSvjJ"
      >
        Network
      </h2>
    </div>
    <section
      class="sc-Axmtr hhzESy sc-fzpans flLJLi"
    >
      <button
        class="sc-AxhUy byjXja sc-AxmLO sc-fzplWN iNYYib"
        disabled=""
        size="2"
        type="button"
      >
        <p
          class="sc-AxjAm pMKRu sc-AxheI bhLjYx"
        >
          No SIM card inserted
        </p>
      </button>
    </section>
  </section>
</div>
`;
