// Jest Snapshot v1, https://goo.gl/fbAQLP

exports[`matches snapshot with tabs 1`] = `
<div
  class="sc-AxmLO kVLvIs"
>
  <h3
    class="sc-AxjAm liSvtH sc-fzozJi cjxhJv"
    data-testid="location"
  >
    Phone
  </h3>
  <div
    class="sc-fzpans kLztrW"
  >
    <a
      aria-current="page"
      class="sc-AxiKw WIVtA sc-fzplWN bKyPjq active"
      displaystyle="9"
      href="/phone"
      size="2"
    >
      <div
        class="sc-AxirZ btYaIv sc-AxheI cZhjTr"
        data-testid="icon-Contacts"
      >
        <test-file-stub
          image="test-file-stub"
        />
      </div>
      <p
        class="sc-AxjAm eGfSTk sc-Axmtr fhTfIi"
      >
        Contacts
      </p>
    </a>
    <a
      class="sc-AxiKw WIVtA sc-fzplWN bKyPjq"
      displaystyle="9"
      href="/phone/calls"
      size="2"
    >
      <div
        class="sc-AxirZ btYaIv sc-AxheI cZhjTr"
        data-testid="icon-Calls"
      >
        <test-file-stub
          image="test-file-stub"
        />
      </div>
      <p
        class="sc-AxjAm eGfSTk sc-Axmtr fhTfIi"
      >
        Calls
      </p>
    </a>
    <a
      class="sc-AxiKw WIVtA sc-fzplWN bKyPjq"
      displaystyle="9"
      href="/phone/dial"
      size="2"
    >
      <div
        class="sc-AxirZ btYaIv sc-AxheI cZhjTr"
        data-testid="icon-Dial"
      >
        <test-file-stub
          image="test-file-stub"
        />
      </div>
      <p
        class="sc-AxjAm eGfSTk sc-Axmtr fhTfIi"
      >
        Dial
      </p>
    </a>
  </div>
</div>
`;

exports[`matches snapshot without tabs 1`] = `
<div
  class="sc-AxmLO kVLvIs"
>
  <h3
    class="sc-AxjAm liSvtH sc-fzozJi cjxhJv"
    data-testid="location"
  >
    Overview
  </h3>
  <div
    class="sc-fzpans kLztrW"
  />
</div>
`;
