// Jest Snapshot v1, https://goo.gl/fbAQLP

exports[`matches snapshot with tabs 1`] = `
<div
  class="sc-AxirZ kzGTef"
>
  <h3
    class="sc-AxjAm liSvtH sc-AxiKw gnMQvJ"
    data-testid="location"
  >
    Phone
  </h3>
  <div
    class="sc-fzoLsD fekCvi"
  >
    <a
      aria-current="page"
      class="sc-AxhUy cCyBop sc-fzpans hdyjEv active"
      displaystyle="9"
      href="/phone"
      size="2"
    >
      <div
        class="sc-AxhCb heipDb sc-AxmLO kVjEFh"
        data-testid="icon-Contacts"
      >
        <test-file-stub
          image="test-file-stub"
        />
      </div>
      <p
        class="sc-AxjAm eGfSTk sc-fzozJi bcHpXu"
      >
        Contacts
      </p>
    </a>
    <a
      class="sc-AxhUy cCyBop sc-fzpans hdyjEv"
      displaystyle="9"
      href="/phone/calls"
      size="2"
    >
      <div
        class="sc-AxhCb heipDb sc-AxmLO kVjEFh"
        data-testid="icon-Calls"
      >
        <test-file-stub
          image="test-file-stub"
        />
      </div>
      <p
        class="sc-AxjAm eGfSTk sc-fzozJi bcHpXu"
      >
        Calls
      </p>
    </a>
    <a
      class="sc-AxhUy cCyBop sc-fzpans hdyjEv"
      displaystyle="9"
      href="/phone/dial"
      size="2"
    >
      <div
        class="sc-AxhCb heipDb sc-AxmLO kVjEFh"
        data-testid="icon-Dial"
      >
        <test-file-stub
          image="test-file-stub"
        />
      </div>
      <p
        class="sc-AxjAm eGfSTk sc-fzozJi bcHpXu"
      >
        Dial
      </p>
    </a>
  </div>
  <div />
</div>
`;

exports[`matches snapshot without tabs 1`] = `
<div
  class="sc-AxirZ kzGTef"
>
  <h3
    class="sc-AxjAm liSvtH sc-AxiKw gnMQvJ"
    data-testid="location"
  >
    Overview
  </h3>
  <div
    class="sc-fzoLsD fekCvi"
  />
  <div />
</div>
`;
