// Jest Snapshot v1, https://goo.gl/fbAQLP

exports[`matches snapshot 1`] = `
<a
  aria-current="page"
  class="sc-AxiKw WIVtA active"
  displaystyle="9"
  href="/phone"
  size="2"
>
  <div
    class="sc-AxirZ btYaIv sc-AxheI bvYSmX"
    data-testid="icon-Check"
  >
    <test-file-stub
      image="test-file-stub"
    />
  </div>
  <p
    class="sc-AxjAm eGfSTk sc-Axmtr fhTfIi"
  >
    Phone
  </p>
</a>
`;
