// Jest Snapshot v1, https://goo.gl/fbAQLP

exports[`matches snapshot 1`] = `
<a
  aria-current="page"
  class="sc-AxirZ gpJjJM active"
  displaystyle="9"
  href="/phone"
  size="2"
>
  <test-file-stub
    classname="sc-AxgMl yaFjd"
  />
  <p
    class="sc-AxjAm eGfSTk sc-AxheI bhLjYx"
  >
    Phone
  </p>
</a>
`;
