// Jest Snapshot v1, https://goo.gl/fbAQLP

exports[`matches snapshot 1`] = `
<div>
  <div
    class="sc-AykKI bWRWFK"
  >
    <input
      class="sc-AykKD fAbPkf sc-AykKJ jKTtdU"
      id="id1"
      name="example"
      type="radio"
      value="lala1"
    />
    <div
      class="sc-AykKG bfFDBl"
    >
      <label
        class="sc-AykKE dksJqF sc-AykKJ jKTtdU"
      >
        <input
          class="sc-AykKD fAbPkf"
          id="id2"
          name="example"
          type="radio"
          value="lala2"
        />
        <div
          class="sc-AykKH exfHLy"
        >
          <span
            class="sc-AykKC eyKqQd sc-AykKF cJfUus"
          >
            label
          </span>
        </div>
      </label>
    </div>
    <input
      class="sc-AykKD fAbPkf sc-AykKJ jKTtdU"
      id="id3"
      name="example"
      type="radio"
      value="lala2"
    />
    <input
      class="sc-AykKD fAbPkf sc-AykKJ jKTtdU"
      id="id4"
      name="example"
      type="radio"
      value="lala2"
    />
  </div>
</div>
`;
