// Jest Snapshot v1, https://goo.gl/fbAQLP

exports[`matches snapshot 1`] = `
<div>
  <div
    class="sc-bZQynM kzlsZH"
  >
    <input
      class="sc-bwzfXH fpzXDF sc-gzVnrw NFpoh"
      id="id1"
      name="example"
      type="radio"
      value="lala1"
    />
    <div
      class="sc-ifAKCX scrlg"
    >
      <label
        class="sc-htpNat hXlcgp sc-gzVnrw NFpoh"
      >
        <input
          class="sc-bwzfXH fpzXDF sc-gzVnrw NFpoh"
          id="id2"
          name="example"
          type="radio"
          value="lala2"
        />
        <div
          class="sc-EHOje iMWhCi"
        >
          <span
            class="sc-bdVaJa ejqiOH sc-bxivhb hUkWQA"
          >
            label
          </span>
        </div>
      </label>
    </div>
    <input
      class="sc-bwzfXH fpzXDF sc-gzVnrw NFpoh"
      id="id3"
      name="example"
      type="radio"
      value="lala2"
    />
    <input
      class="sc-bwzfXH fpzXDF sc-gzVnrw NFpoh"
      id="id4"
      name="example"
      type="radio"
      value="lala2"
    />
  </div>
</div>
`;
