// Jest Snapshot v1, https://goo.gl/fbAQLP

exports[`matches snapshot 1`] = `
<div>
  <div
    class="sc-AxheI bGwkoZ"
  >
    <input
      class="sc-AxirZ gpAzgg sc-Axmtr cAwfeH"
      id="example0"
      name="example"
      type="radio"
      value="lala1"
    />
    <div
      class="sc-AxhUy ldrFxj"
    >
      <label
        class="sc-AxiKw jczndt sc-Axmtr cAwfeH"
      >
        <input
          class="sc-AxirZ gpAzgg"
          id="example1"
          name="example"
          type="radio"
          value="lala2"
        />
        <div
          class="sc-AxgMl fEfMQY"
        >
          <span
            class="sc-AxjAm ifcepG sc-AxhCb hEYuHf"
          >
            label
          </span>
        </div>
      </label>
    </div>
    <input
      class="sc-AxirZ gpAzgg sc-Axmtr cAwfeH"
      id="example2"
      name="example"
      type="radio"
      value="lala2"
    />
    <input
      class="sc-AxirZ gpAzgg sc-Axmtr cAwfeH"
      id="example3"
      name="example"
      type="radio"
      value="lala2"
    />
  </div>
</div>
`;
